Archive member included to satisfy reference by file (symbol)

c:/st/stm32cubeide_1.9.0/stm32cubeide/plugins/com.st.stm32cube.ide.mcu.externaltools.gnu-tools-for-stm32.10.3-2021.10.win32_1.0.0.202111181127/tools/bin/../lib/gcc/arm-none-eabi/10.3.1/../../../../arm-none-eabi/lib/thumb/v7e-m+fp/hard\libc_nano.a(lib_a-errno.o)
                              ./Core/Src/syscalls.o (__errno)
c:/st/stm32cubeide_1.9.0/stm32cubeide/plugins/com.st.stm32cube.ide.mcu.externaltools.gnu-tools-for-stm32.10.3-2021.10.win32_1.0.0.202111181127/tools/bin/../lib/gcc/arm-none-eabi/10.3.1/../../../../arm-none-eabi/lib/thumb/v7e-m+fp/hard\libc_nano.a(lib_a-exit.o)
                              c:/st/stm32cubeide_1.9.0/stm32cubeide/plugins/com.st.stm32cube.ide.mcu.externaltools.gnu-tools-for-stm32.10.3-2021.10.win32_1.0.0.202111181127/tools/bin/../lib/gcc/arm-none-eabi/10.3.1/../../../../arm-none-eabi/lib/thumb/v7e-m+fp/hard/crt0.o (exit)
c:/st/stm32cubeide_1.9.0/stm32cubeide/plugins/com.st.stm32cube.ide.mcu.externaltools.gnu-tools-for-stm32.10.3-2021.10.win32_1.0.0.202111181127/tools/bin/../lib/gcc/arm-none-eabi/10.3.1/../../../../arm-none-eabi/lib/thumb/v7e-m+fp/hard\libc_nano.a(lib_a-impure.o)
                              c:/st/stm32cubeide_1.9.0/stm32cubeide/plugins/com.st.stm32cube.ide.mcu.externaltools.gnu-tools-for-stm32.10.3-2021.10.win32_1.0.0.202111181127/tools/bin/../lib/gcc/arm-none-eabi/10.3.1/../../../../arm-none-eabi/lib/thumb/v7e-m+fp/hard\libc_nano.a(lib_a-exit.o) (_global_impure_ptr)
c:/st/stm32cubeide_1.9.0/stm32cubeide/plugins/com.st.stm32cube.ide.mcu.externaltools.gnu-tools-for-stm32.10.3-2021.10.win32_1.0.0.202111181127/tools/bin/../lib/gcc/arm-none-eabi/10.3.1/../../../../arm-none-eabi/lib/thumb/v7e-m+fp/hard\libc_nano.a(lib_a-init.o)
                              c:/st/stm32cubeide_1.9.0/stm32cubeide/plugins/com.st.stm32cube.ide.mcu.externaltools.gnu-tools-for-stm32.10.3-2021.10.win32_1.0.0.202111181127/tools/bin/../lib/gcc/arm-none-eabi/10.3.1/../../../../arm-none-eabi/lib/thumb/v7e-m+fp/hard/crt0.o (__libc_init_array)
c:/st/stm32cubeide_1.9.0/stm32cubeide/plugins/com.st.stm32cube.ide.mcu.externaltools.gnu-tools-for-stm32.10.3-2021.10.win32_1.0.0.202111181127/tools/bin/../lib/gcc/arm-none-eabi/10.3.1/../../../../arm-none-eabi/lib/thumb/v7e-m+fp/hard\libc_nano.a(lib_a-memset.o)
                              c:/st/stm32cubeide_1.9.0/stm32cubeide/plugins/com.st.stm32cube.ide.mcu.externaltools.gnu-tools-for-stm32.10.3-2021.10.win32_1.0.0.202111181127/tools/bin/../lib/gcc/arm-none-eabi/10.3.1/../../../../arm-none-eabi/lib/thumb/v7e-m+fp/hard/crt0.o (memset)
c:/st/stm32cubeide_1.9.0/stm32cubeide/plugins/com.st.stm32cube.ide.mcu.externaltools.gnu-tools-for-stm32.10.3-2021.10.win32_1.0.0.202111181127/tools/bin/../lib/gcc/arm-none-eabi/10.3.1/../../../../arm-none-eabi/lib/thumb/v7e-m+fp/hard\libc_nano.a(lib_a-strlen.o)
                              ./Core/Src/fonts.o (strlen)
c:/st/stm32cubeide_1.9.0/stm32cubeide/plugins/com.st.stm32cube.ide.mcu.externaltools.gnu-tools-for-stm32.10.3-2021.10.win32_1.0.0.202111181127/tools/bin/../lib/gcc/arm-none-eabi/10.3.1/thumb/v7e-m+fp/hard\libgcc.a(_aeabi_uldivmod.o)
                              ./Drivers/STM32L4xx_HAL_Driver/Src/stm32l4xx_hal_uart.o (__aeabi_uldivmod)
c:/st/stm32cubeide_1.9.0/stm32cubeide/plugins/com.st.stm32cube.ide.mcu.externaltools.gnu-tools-for-stm32.10.3-2021.10.win32_1.0.0.202111181127/tools/bin/../lib/gcc/arm-none-eabi/10.3.1/thumb/v7e-m+fp/hard\libgcc.a(_udivmoddi4.o)
                              c:/st/stm32cubeide_1.9.0/stm32cubeide/plugins/com.st.stm32cube.ide.mcu.externaltools.gnu-tools-for-stm32.10.3-2021.10.win32_1.0.0.202111181127/tools/bin/../lib/gcc/arm-none-eabi/10.3.1/thumb/v7e-m+fp/hard\libgcc.a(_aeabi_uldivmod.o) (__udivmoddi4)
c:/st/stm32cubeide_1.9.0/stm32cubeide/plugins/com.st.stm32cube.ide.mcu.externaltools.gnu-tools-for-stm32.10.3-2021.10.win32_1.0.0.202111181127/tools/bin/../lib/gcc/arm-none-eabi/10.3.1/thumb/v7e-m+fp/hard\libgcc.a(_dvmd_tls.o)
                              c:/st/stm32cubeide_1.9.0/stm32cubeide/plugins/com.st.stm32cube.ide.mcu.externaltools.gnu-tools-for-stm32.10.3-2021.10.win32_1.0.0.202111181127/tools/bin/../lib/gcc/arm-none-eabi/10.3.1/thumb/v7e-m+fp/hard\libgcc.a(_aeabi_uldivmod.o) (__aeabi_ldiv0)

Discarded input sections

 .text          0x0000000000000000        0x0 c:/st/stm32cubeide_1.9.0/stm32cubeide/plugins/com.st.stm32cube.ide.mcu.externaltools.gnu-tools-for-stm32.10.3-2021.10.win32_1.0.0.202111181127/tools/bin/../lib/gcc/arm-none-eabi/10.3.1/thumb/v7e-m+fp/hard/crti.o
 .data          0x0000000000000000        0x0 c:/st/stm32cubeide_1.9.0/stm32cubeide/plugins/com.st.stm32cube.ide.mcu.externaltools.gnu-tools-for-stm32.10.3-2021.10.win32_1.0.0.202111181127/tools/bin/../lib/gcc/arm-none-eabi/10.3.1/thumb/v7e-m+fp/hard/crti.o
[...]
Memory Configuration

Name             Origin             Length             Attributes
RAM              0x0000000020000000 0x0000000000018000 xrw
RAM2             0x0000000010000000 0x0000000000008000 xrw
FLASH            0x0000000008000000 0x0000000000100000 xr
*default*        0x0000000000000000 0xffffffffffffffff

Linker script and memory map

LOAD c:/st/stm32cubeide_1.9.0/stm32cubeide/plugins/com.st.stm32cube.ide.mcu.externaltools.gnu-tools-for-stm32.10.3-2021.10.win32_1.0.0.202111181127/tools/bin/../lib/gcc/arm-none-eabi/10.3.1/thumb/v7e-m+fp/hard/crti.o
LOAD c:/st/stm32cubeide_1.9.0/stm32cubeide/plugins/com.st.stm32cube.ide.mcu.externaltools.gnu-tools-for-stm32.10.3-2021.10.win32_1.0.0.202111181127/tools/bin/../lib/gcc/arm-none-eabi/10.3.1/thumb/v7e-m+fp/hard/crtbegin.o
LOAD c:/st/stm32cubeide_1.9.0/stm32cubeide/plugins/com.st.stm32cube.ide.mcu.externaltools.gnu-tools-for-stm32.10.3-2021.10.win32_1.0.0.202111181127/tools/bin/../lib/gcc/arm-none-eabi/10.3.1/../../../../arm-none-eabi/lib/thumb/v7e-m+fp/hard/crt0.o
LOAD ./Core/Src/fonts.o
LOAD ./Core/Src/main.o
LOAD ./Core/Src/ssd1306.o
LOAD ./Core/Src/stm32l4xx_hal_msp.o
LOAD ./Core/Src/stm32l4xx_it.o
LOAD ./Core/Src/syscalls.o
LOAD ./Core/Src/sysmem.o
LOAD ./Core/Src/system_stm32l4xx.o
LOAD ./Core/Src/test.o
LOAD ./Core/Startup/startup_stm32l476rgtx.o
LOAD ./Drivers/STM32L4xx_HAL_Driver/Src/stm32l4xx_hal.o
LOAD ./Drivers/STM32L4xx_HAL_Driver/Src/stm32l4xx_hal_adc.o
LOAD ./Drivers/STM32L4xx_HAL_Driver/Src/stm32l4xx_hal_adc_ex.o
LOAD ./Drivers/STM32L4xx_HAL_Driver/Src/stm32l4xx_hal_cortex.o
LOAD ./Drivers/STM32L4xx_HAL_Driver/Src/stm32l4xx_hal_dma.o
LOAD ./Drivers/STM32L4xx_HAL_Driver/Src/stm32l4xx_hal_dma_ex.o
LOAD ./Drivers/STM32L4xx_HAL_Driver/Src/stm32l4xx_hal_exti.o
LOAD ./Drivers/STM32L4xx_HAL_Driver/Src/stm32l4xx_hal_flash.o
LOAD ./Drivers/STM32L4xx_HAL_Driver/Src/stm32l4xx_hal_flash_ex.o
LOAD ./Drivers/STM32L4xx_HAL_Driver/Src/stm32l4xx_hal_flash_ramfunc.o
LOAD ./Drivers/STM32L4xx_HAL_Driver/Src/stm32l4xx_hal_gpio.o
LOAD ./Drivers/STM32L4xx_HAL_Driver/Src/stm32l4xx_hal_i2c.o
LOAD ./Drivers/STM32L4xx_HAL_Driver/Src/stm32l4xx_hal_i2c_ex.o
LOAD ./Drivers/STM32L4xx_HAL_Driver/Src/stm32l4xx_hal_pwr.o
LOAD ./Drivers/STM32L4xx_HAL_Driver/Src/stm32l4xx_hal_pwr_ex.o
LOAD ./Drivers/STM32L4xx_HAL_Driver/Src/stm32l4xx_hal_rcc.o
LOAD ./Drivers/STM32L4xx_HAL_Driver/Src/stm32l4xx_hal_rcc_ex.o
LOAD ./Drivers/STM32L4xx_HAL_Driver/Src/stm32l4xx_hal_tim.o
LOAD ./Drivers/STM32L4xx_HAL_Driver/Src/stm32l4xx_hal_tim_ex.o
LOAD ./Drivers/STM32L4xx_HAL_Driver/Src/stm32l4xx_hal_uart.o
LOAD ./Drivers/STM32L4xx_HAL_Driver/Src/stm32l4xx_hal_uart_ex.o
START GROUP
LOAD c:/st/stm32cubeide_1.9.0/stm32cubeide/plugins/com.st.stm32cube.ide.mcu.externaltools.gnu-tools-for-stm32.10.3-2021.10.win32_1.0.0.202111181127/tools/bin/../lib/gcc/arm-none-eabi/10.3.1/../../../../arm-none-eabi/lib/thumb/v7e-m+fp/hard\libc_nano.a
LOAD c:/st/stm32cubeide_1.9.0/stm32cubeide/plugins/com.st.stm32cube.ide.mcu.externaltools.gnu-tools-for-stm32.10.3-2021.10.win32_1.0.0.202111181127/tools/bin/../lib/gcc/arm-none-eabi/10.3.1/../../../../arm-none-eabi/lib/thumb/v7e-m+fp/hard\libm.a
END GROUP
START GROUP
LOAD c:/st/stm32cubeide_1.9.0/stm32cubeide/plugins/com.st.stm32cube.ide.mcu.externaltools.gnu-tools-for-stm32.10.3-2021.10.win32_1.0.0.202111181127/tools/bin/../lib/gcc/arm-none-eabi/10.3.1/thumb/v7e-m+fp/hard\libgcc.a
LOAD c:/st/stm32cubeide_1.9.0/stm32cubeide/plugins/com.st.stm32cube.ide.mcu.externaltools.gnu-tools-for-stm32.10.3-2021.10.win32_1.0.0.202111181127/tools/bin/../lib/gcc/arm-none-eabi/10.3.1/../../../../arm-none-eabi/lib/thumb/v7e-m+fp/hard\libc_nano.a
END GROUP
START GROUP
LOAD c:/st/stm32cubeide_1.9.0/stm32cubeide/plugins/com.st.stm32cube.ide.mcu.externaltools.gnu-tools-for-stm32.10.3-2021.10.win32_1.0.0.202111181127/tools/bin/../lib/gcc/arm-none-eabi/10.3.1/thumb/v7e-m+fp/hard\libgcc.a
LOAD c:/st/stm32cubeide_1.9.0/stm32cubeide/plugins/com.st.stm32cube.ide.mcu.externaltools.gnu-tools-for-stm32.10.3-2021.10.win32_1.0.0.202111181127/tools/bin/../lib/gcc/arm-none-eabi/10.3.1/../../../../arm-none-eabi/lib/thumb/v7e-m+fp/hard\libc_nano.a
LOAD c:/st/stm32cubeide_1.9.0/stm32cubeide/plugins/com.st.stm32cube.ide.mcu.externaltools.gnu-tools-for-stm32.10.3-2021.10.win32_1.0.0.202111181127/tools/bin/../lib/gcc/arm-none-eabi/10.3.1/../../../../arm-none-eabi/lib/thumb/v7e-m+fp/hard\libnosys.a
END GROUP
START GROUP
LOAD c:/st/stm32cubeide_1.9.0/stm32cubeide/plugins/com.st.stm32cube.ide.mcu.externaltools.gnu-tools-for-stm32.10.3-2021.10.win32_1.0.0.202111181127/tools/bin/../lib/gcc/arm-none-eabi/10.3.1/thumb/v7e-m+fp/hard\libgcc.a
LOAD c:/st/stm32cubeide_1.9.0/stm32cubeide/plugins/com.st.stm32cube.ide.mcu.externaltools.gnu-tools-for-stm32.10.3-2021.10.win32_1.0.0.202111181127/tools/bin/../lib/gcc/arm-none-eabi/10.3.1/../../../../arm-none-eabi/lib/thumb/v7e-m+fp/hard\libc_nano.a
LOAD c:/st/stm32cubeide_1.9.0/stm32cubeide/plugins/com.st.stm32cube.ide.mcu.externaltools.gnu-tools-for-stm32.10.3-2021.10.win32_1.0.0.202111181127/tools/bin/../lib/gcc/arm-none-eabi/10.3.1/../../../../arm-none-eabi/lib/thumb/v7e-m+fp/hard\libnosys.a
END GROUP
LOAD c:/st/stm32cubeide_1.9.0/stm32cubeide/plugins/com.st.stm32cube.ide.mcu.externaltools.gnu-tools-for-stm32.10.3-2021.10.win32_1.0.0.202111181127/tools/bin/../lib/gcc/arm-none-eabi/10.3.1/thumb/v7e-m+fp/hard/crtend.o
LOAD c:/st/stm32cubeide_1.9.0/stm32cubeide/plugins/com.st.stm32cube.ide.mcu.externaltools.gnu-tools-for-stm32.10.3-2021.10.win32_1.0.0.202111181127/tools/bin/../lib/gcc/arm-none-eabi/10.3.1/thumb/v7e-m+fp/hard/crtn.o
                0x0000000020018000                _estack = (ORIGIN (RAM) + LENGTH (RAM))
                0x0000000000000200                _Min_Heap_Size = 0x200
                0x0000000000000400                _Min_Stack_Size = 0x400

.isr_vector     0x0000000008000000      0x188
                0x0000000008000000                . = ALIGN (0x4)
 *(.isr_vector)
 .isr_vector    0x0000000008000000      0x188 ./Core/Startup/startup_stm32l476rgtx.o
                0x0000000008000000                g_pfnVectors
                0x0000000008000188                . = ALIGN (0x4)

.text           0x0000000008000188     0x50a0
                0x0000000008000188                . = ALIGN (0x4)
 *(.text)
 .text          0x0000000008000188       0x40 c:/st/stm32cubeide_1.9.0/stm32cubeide/plugins/com.st.stm32cube.ide.mcu.externaltools.gnu-tools-for-stm32.10.3-2021.10.win32_1.0.0.202111181127/tools/bin/../lib/gcc/arm-none-eabi/10.3.1/thumb/v7e-m+fp/hard/crtbegin.o
 .text          0x00000000080001c8       0x30 c:/st/stm32cubeide_1.9.0/stm32cubeide/plugins/com.st.stm32cube.ide.mcu.externaltools.gnu-tools-for-stm32.10.3-2021.10.win32_1.0.0.202111181127/tools/bin/../lib/gcc/arm-none-eabi/10.3.1/thumb/v7e-m+fp/hard\libgcc.a(_aeabi_uldivmod.o)
                0x00000000080001c8                __aeabi_uldivmod
 .text          0x00000000080001f8      0x2d0 c:/st/stm32cubeide_1.9.0/stm32cubeide/plugins/com.st.stm32cube.ide.mcu.externaltools.gnu-tools-for-stm32.10.3-2021.10.win32_1.0.0.202111181127/tools/bin/../lib/gcc/arm-none-eabi/10.3.1/thumb/v7e-m+fp/hard\libgcc.a(_udivmoddi4.o)
                0x00000000080001f8                __udivmoddi4
 .text          0x00000000080004c8        0x4 c:/st/stm32cubeide_1.9.0/stm32cubeide/plugins/com.st.stm32cube.ide.mcu.externaltools.gnu-tools-for-stm32.10.3-2021.10.win32_1.0.0.202111181127/tools/bin/../lib/gcc/arm-none-eabi/10.3.1/thumb/v7e-m+fp/hard\libgcc.a(_dvmd_tls.o)
                0x00000000080004c8                __aeabi_idiv0
                0x00000000080004c8                __aeabi_ldiv0
 *(.text*)
 .text.main     0x00000000080004cc       0xb8 ./Core/Src/main.o
                0x00000000080004cc                main
 .text.SystemClock_Config
                0x0000000008000584       0xa2 ./Core/Src/main.o
                0x0000000008000584                SystemClock_Config
 *fill*         0x0000000008000626        0x2 
 .text.MX_ADC1_Init
                0x0000000008000628       0xec ./Core/Src/main.o
 .text.MX_I2C1_Init
                0x0000000008000714       0x80 ./Core/Src/main.o
 .text.MX_USART2_UART_Init
                0x0000000008000794       0x60 ./Core/Src/main.o
 .text.MX_GPIO_Init
                0x00000000080007f4       0xcc ./Core/Src/main.o
 .text.Error_Handler
                0x00000000080008c0        0xe ./Core/Src/main.o
                0x00000000080008c0                Error_Handler
 *fill*         0x00000000080008ce        0x2 
 .text.SSD1306_Init
                0x00000000080008d0      0x188 ./Core/Src/ssd1306.o
                0x00000000080008d0                SSD1306_Init
 .text.SSD1306_UpdateScreen
                0x0000000008000a58       0x5c ./Core/Src/ssd1306.o
                0x0000000008000a58                SSD1306_UpdateScreen
 .text.SSD1306_Fill
                0x0000000008000ab4       0x30 ./Core/Src/ssd1306.o
                0x0000000008000ab4                SSD1306_Fill
 .text.SSD1306_DrawPixel
                0x0000000008000ae4       0xc0 ./Core/Src/ssd1306.o
                0x0000000008000ae4                SSD1306_DrawPixel
 .text.SSD1306_GotoXY
                0x0000000008000ba4       0x2c ./Core/Src/ssd1306.o
                0x0000000008000ba4                SSD1306_GotoXY
 .text.SSD1306_Putc
                0x0000000008000bd0      0x100 ./Core/Src/ssd1306.o
                0x0000000008000bd0                SSD1306_Putc
 .text.SSD1306_Puts
                0x0000000008000cd0       0x4a ./Core/Src/ssd1306.o
                0x0000000008000cd0                SSD1306_Puts
 .text.SSD1306_Clear
                0x0000000008000d1a       0x12 ./Core/Src/ssd1306.o
                0x0000000008000d1a                SSD1306_Clear
 .text.ssd1306_I2C_Init
                0x0000000008000d2c       0x2c ./Core/Src/ssd1306.o
                0x0000000008000d2c                ssd1306_I2C_Init
 .text.ssd1306_I2C_WriteMulti
                0x0000000008000d58       0xcc ./Core/Src/ssd1306.o
                0x0000000008000d58                ssd1306_I2C_WriteMulti
 .text.ssd1306_I2C_Write
                0x0000000008000e24       0x3c ./Core/Src/ssd1306.o
                0x0000000008000e24                ssd1306_I2C_Write
 .text.HAL_MspInit
                0x0000000008000e60       0x48 ./Core/Src/stm32l4xx_hal_msp.o
                0x0000000008000e60                HAL_MspInit
 .text.HAL_ADC_MspInit
                0x0000000008000ea8       0xd4 ./Core/Src/stm32l4xx_hal_msp.o
                0x0000000008000ea8                HAL_ADC_MspInit
 .text.HAL_I2C_MspInit
                0x0000000008000f7c       0xbc ./Core/Src/stm32l4xx_hal_msp.o
                0x0000000008000f7c                HAL_I2C_MspInit
 .text.HAL_UART_MspInit
                0x0000000008001038       0xb8 ./Core/Src/stm32l4xx_hal_msp.o
                0x0000000008001038                HAL_UART_MspInit
 .text.NMI_Handler
                0x00000000080010f0        0xe ./Core/Src/stm32l4xx_it.o
                0x00000000080010f0                NMI_Handler
 .text.HardFault_Handler
                0x00000000080010fe        0x6 ./Core/Src/stm32l4xx_it.o
                0x00000000080010fe                HardFault_Handler
 .text.MemManage_Handler
                0x0000000008001104        0x6 ./Core/Src/stm32l4xx_it.o
                0x0000000008001104                MemManage_Handler
 .text.BusFault_Handler
                0x000000000800110a        0x6 ./Core/Src/stm32l4xx_it.o
                0x000000000800110a                BusFault_Handler
 .text.UsageFault_Handler
                0x0000000008001110        0x6 ./Core/Src/stm32l4xx_it.o
                0x0000000008001110                UsageFault_Handler
 .text.SVC_Handler
                0x0000000008001116        0xe ./Core/Src/stm32l4xx_it.o
                0x0000000008001116                SVC_Handler
 .text.DebugMon_Handler
                0x0000000008001124        0xe ./Core/Src/stm32l4xx_it.o
                0x0000000008001124                DebugMon_Handler
 .text.PendSV_Handler
                0x0000000008001132        0xe ./Core/Src/stm32l4xx_it.o
                0x0000000008001132                PendSV_Handler
 .text.SysTick_Handler
                0x0000000008001140        0xc ./Core/Src/stm32l4xx_it.o
                0x0000000008001140                SysTick_Handler
 .text.SystemInit
                0x000000000800114c       0x6c ./Core/Src/system_stm32l4xx.o
                0x000000000800114c                SystemInit
 .text.Reset_Handler
                0x00000000080011b8       0x50 ./Core/Startup/startup_stm32l476rgtx.o
                0x00000000080011b8                Reset_Handler
 .text.Default_Handler
                0x0000000008001208        0x2 ./Core/Startup/startup_stm32l476rgtx.o
                0x0000000008001208                RTC_Alarm_IRQHandler
                0x0000000008001208                EXTI2_IRQHandler
                0x0000000008001208                TIM8_TRG_COM_IRQHandler
                0x0000000008001208                TIM8_CC_IRQHandler
                0x0000000008001208                TIM1_CC_IRQHandler
                0x0000000008001208                TSC_IRQHandler
                0x0000000008001208                TAMP_STAMP_IRQHandler
                0x0000000008001208                EXTI3_IRQHandler
                0x0000000008001208                LPTIM2_IRQHandler
                0x0000000008001208                DFSDM1_FLT1_IRQHandler
                0x0000000008001208                I2C3_ER_IRQHandler
                0x0000000008001208                DFSDM1_FLT2_IRQHandler
                0x0000000008001208                EXTI0_IRQHandler
                0x0000000008001208                I2C2_EV_IRQHandler
                0x0000000008001208                CAN1_RX0_IRQHandler
                0x0000000008001208                FPU_IRQHandler
                0x0000000008001208                TIM1_UP_TIM16_IRQHandler
                0x0000000008001208                ADC1_2_IRQHandler
                0x0000000008001208                SPI1_IRQHandler
                0x0000000008001208                TIM6_DAC_IRQHandler
                0x0000000008001208                TIM8_UP_IRQHandler
                0x0000000008001208                DMA2_Channel2_IRQHandler
                0x0000000008001208                DMA1_Channel4_IRQHandler
                0x0000000008001208                SAI2_IRQHandler
                0x0000000008001208                DFSDM1_FLT3_IRQHandler
                0x0000000008001208                USART3_IRQHandler
                0x0000000008001208                DMA1_Channel7_IRQHandler
                0x0000000008001208                CAN1_RX1_IRQHandler
                0x0000000008001208                LCD_IRQHandler
                0x0000000008001208                UART5_IRQHandler
                0x0000000008001208                ADC3_IRQHandler
                0x0000000008001208                TIM4_IRQHandler
                0x0000000008001208                DMA2_Channel1_IRQHandler
                0x0000000008001208                QUADSPI_IRQHandler
                0x0000000008001208                I2C1_EV_IRQHandler
                0x0000000008001208                DMA1_Channel6_IRQHandler
                0x0000000008001208                UART4_IRQHandler
                0x0000000008001208                DMA2_Channel4_IRQHandler
                0x0000000008001208                TIM3_IRQHandler
                0x0000000008001208                RCC_IRQHandler
                0x0000000008001208                DMA1_Channel1_IRQHandler
                0x0000000008001208                Default_Handler
                0x0000000008001208                DMA2_Channel7_IRQHandler
                0x0000000008001208                EXTI15_10_IRQHandler
                0x0000000008001208                TIM7_IRQHandler
                0x0000000008001208                SDMMC1_IRQHandler
                0x0000000008001208                TIM5_IRQHandler
                0x0000000008001208                I2C3_EV_IRQHandler
                0x0000000008001208                EXTI9_5_IRQHandler
                0x0000000008001208                RTC_WKUP_IRQHandler
                0x0000000008001208                PVD_PVM_IRQHandler
                0x0000000008001208                SPI2_IRQHandler
                0x0000000008001208                CAN1_TX_IRQHandler
                0x0000000008001208                DMA2_Channel5_IRQHandler
                0x0000000008001208                DMA1_Channel5_IRQHandler
                0x0000000008001208                EXTI4_IRQHandler
                0x0000000008001208                RNG_IRQHandler
                0x0000000008001208                TIM1_TRG_COM_TIM17_IRQHandler
                0x0000000008001208                DMA1_Channel3_IRQHandler
                0x0000000008001208                COMP_IRQHandler
                0x0000000008001208                WWDG_IRQHandler
                0x0000000008001208                LPUART1_IRQHandler
                0x0000000008001208                DMA2_Channel6_IRQHandler
                0x0000000008001208                TIM2_IRQHandler
                0x0000000008001208                EXTI1_IRQHandler
                0x0000000008001208                USART2_IRQHandler
                0x0000000008001208                DFSDM1_FLT0_IRQHandler
                0x0000000008001208                I2C2_ER_IRQHandler
                0x0000000008001208                DMA1_Channel2_IRQHandler
                0x0000000008001208                TIM8_BRK_IRQHandler
                0x0000000008001208                CAN1_SCE_IRQHandler
                0x0000000008001208                FLASH_IRQHandler
                0x0000000008001208                USART1_IRQHandler
                0x0000000008001208                OTG_FS_IRQHandler
                0x0000000008001208                SPI3_IRQHandler
                0x0000000008001208                I2C1_ER_IRQHandler
                0x0000000008001208                FMC_IRQHandler
                0x0000000008001208                SWPMI1_IRQHandler
                0x0000000008001208                LPTIM1_IRQHandler
                0x0000000008001208                SAI1_IRQHandler
                0x0000000008001208                DMA2_Channel3_IRQHandler
                0x0000000008001208                TIM1_BRK_TIM15_IRQHandler
 *fill*         0x000000000800120a        0x2 
 .text.HAL_Init
                0x000000000800120c       0x40 ./Drivers/STM32L4xx_HAL_Driver/Src/stm32l4xx_hal.o
                0x000000000800120c                HAL_Init
 .text.HAL_InitTick
                0x000000000800124c       0x78 ./Drivers/STM32L4xx_HAL_Driver/Src/stm32l4xx_hal.o
                0x000000000800124c                HAL_InitTick
 .text.HAL_IncTick
                0x00000000080012c4       0x28 ./Drivers/STM32L4xx_HAL_Driver/Src/stm32l4xx_hal.o
                0x00000000080012c4                HAL_IncTick
 .text.HAL_GetTick
                0x00000000080012ec       0x18 ./Drivers/STM32L4xx_HAL_Driver/Src/stm32l4xx_hal.o
                0x00000000080012ec                HAL_GetTick
 .text.HAL_Delay
                0x0000000008001304       0x48 ./Drivers/STM32L4xx_HAL_Driver/Src/stm32l4xx_hal.o
                0x0000000008001304                HAL_Delay
 .text.LL_ADC_SetCommonClock
                0x000000000800134c       0x26 ./Drivers/STM32L4xx_HAL_Driver/Src/stm32l4xx_hal_adc.o
 .text.LL_ADC_SetCommonPathInternalCh
                0x0000000008001372       0x26 ./Drivers/STM32L4xx_HAL_Driver/Src/stm32l4xx_hal_adc.o
 .text.LL_ADC_GetCommonPathInternalCh
                0x0000000008001398       0x1c ./Drivers/STM32L4xx_HAL_Driver/Src/stm32l4xx_hal_adc.o
 .text.LL_ADC_SetOffset
                0x00000000080013b4       0x48 ./Drivers/STM32L4xx_HAL_Driver/Src/stm32l4xx_hal_adc.o
 .text.LL_ADC_GetOffsetChannel
                0x00000000080013fc       0x2c ./Drivers/STM32L4xx_HAL_Driver/Src/stm32l4xx_hal_adc.o
 .text.LL_ADC_SetOffsetState
                0x0000000008001428       0x36 ./Drivers/STM32L4xx_HAL_Driver/Src/stm32l4xx_hal_adc.o
 .text.LL_ADC_REG_SetSequencerRanks
                0x000000000800145e       0x58 ./Drivers/STM32L4xx_HAL_Driver/Src/stm32l4xx_hal_adc.o
 .text.LL_ADC_SetChannelSamplingTime
                0x00000000080014b6       0x56 ./Drivers/STM32L4xx_HAL_Driver/Src/stm32l4xx_hal_adc.o
 .text.LL_ADC_SetChannelSingleDiff
                0x000000000800150c       0x48 ./Drivers/STM32L4xx_HAL_Driver/Src/stm32l4xx_hal_adc.o
 .text.LL_ADC_DisableDeepPowerDown
                0x0000000008001554       0x24 ./Drivers/STM32L4xx_HAL_Driver/Src/stm32l4xx_hal_adc.o
 .text.LL_ADC_IsDeepPowerDownEnabled
                0x0000000008001578       0x28 ./Drivers/STM32L4xx_HAL_Driver/Src/stm32l4xx_hal_adc.o
 .text.LL_ADC_EnableInternalRegulator
                0x00000000080015a0       0x28 ./Drivers/STM32L4xx_HAL_Driver/Src/stm32l4xx_hal_adc.o
 .text.LL_ADC_IsInternalRegulatorEnabled
                0x00000000080015c8       0x28 ./Drivers/STM32L4xx_HAL_Driver/Src/stm32l4xx_hal_adc.o
 .text.LL_ADC_IsEnabled
                0x00000000080015f0       0x26 ./Drivers/STM32L4xx_HAL_Driver/Src/stm32l4xx_hal_adc.o
 .text.LL_ADC_REG_IsConversionOngoing
                0x0000000008001616       0x26 ./Drivers/STM32L4xx_HAL_Driver/Src/stm32l4xx_hal_adc.o
 .text.LL_ADC_INJ_IsConversionOngoing
                0x000000000800163c       0x26 ./Drivers/STM32L4xx_HAL_Driver/Src/stm32l4xx_hal_adc.o
 *fill*         0x0000000008001662        0x2 
 .text.HAL_ADC_Init
                0x0000000008001664      0x2ac ./Drivers/STM32L4xx_HAL_Driver/Src/stm32l4xx_hal_adc.o
                0x0000000008001664                HAL_ADC_Init
 .text.HAL_ADC_ConfigChannel
                0x0000000008001910      0x7e0 ./Drivers/STM32L4xx_HAL_Driver/Src/stm32l4xx_hal_adc.o
                0x0000000008001910                HAL_ADC_ConfigChannel
 .text.LL_ADC_IsEnabled
                0x00000000080020f0       0x26 ./Drivers/STM32L4xx_HAL_Driver/Src/stm32l4xx_hal_adc_ex.o
 .text.LL_ADC_REG_IsConversionOngoing
                0x0000000008002116       0x26 ./Drivers/STM32L4xx_HAL_Driver/Src/stm32l4xx_hal_adc_ex.o
 .text.HAL_ADCEx_MultiModeConfigChannel
                0x000000000800213c      0x160 ./Drivers/STM32L4xx_HAL_Driver/Src/stm32l4xx_hal_adc_ex.o
                0x000000000800213c                HAL_ADCEx_MultiModeConfigChannel
 .text.__NVIC_SetPriorityGrouping
                0x000000000800229c       0x48 ./Drivers/STM32L4xx_HAL_Driver/Src/stm32l4xx_hal_cortex.o
 .text.__NVIC_GetPriorityGrouping
                0x00000000080022e4       0x1c ./Drivers/STM32L4xx_HAL_Driver/Src/stm32l4xx_hal_cortex.o
 .text.__NVIC_SetPriority
                0x0000000008002300       0x54 ./Drivers/STM32L4xx_HAL_Driver/Src/stm32l4xx_hal_cortex.o
 .text.NVIC_EncodePriority
                0x0000000008002354       0x66 ./Drivers/STM32L4xx_HAL_Driver/Src/stm32l4xx_hal_cortex.o
 *fill*         0x00000000080023ba        0x2 
 .text.SysTick_Config
                0x00000000080023bc       0x44 ./Drivers/STM32L4xx_HAL_Driver/Src/stm32l4xx_hal_cortex.o
 .text.HAL_NVIC_SetPriorityGrouping
                0x0000000008002400       0x16 ./Drivers/STM32L4xx_HAL_Driver/Src/stm32l4xx_hal_cortex.o
                0x0000000008002400                HAL_NVIC_SetPriorityGrouping
 .text.HAL_NVIC_SetPriority
                0x0000000008002416       0x38 ./Drivers/STM32L4xx_HAL_Driver/Src/stm32l4xx_hal_cortex.o
                0x0000000008002416                HAL_NVIC_SetPriority
 .text.HAL_SYSTICK_Config
                0x000000000800244e       0x18 ./Drivers/STM32L4xx_HAL_Driver/Src/stm32l4xx_hal_cortex.o
                0x000000000800244e                HAL_SYSTICK_Config
 *fill*         0x0000000008002466        0x2 
 .text.HAL_GPIO_Init
                0x0000000008002468      0x354 ./Drivers/STM32L4xx_HAL_Driver/Src/stm32l4xx_hal_gpio.o
                0x0000000008002468                HAL_GPIO_Init
 .text.HAL_GPIO_WritePin
                0x00000000080027bc       0x30 ./Drivers/STM32L4xx_HAL_Driver/Src/stm32l4xx_hal_gpio.o
                0x00000000080027bc                HAL_GPIO_WritePin
 .text.HAL_I2C_Init
                0x00000000080027ec      0x11e ./Drivers/STM32L4xx_HAL_Driver/Src/stm32l4xx_hal_i2c.o
                0x00000000080027ec                HAL_I2C_Init
 *fill*         0x000000000800290a        0x2 
 .text.HAL_I2C_Master_Transmit
                0x000000000800290c      0x1e8 ./Drivers/STM32L4xx_HAL_Driver/Src/stm32l4xx_hal_i2c.o
                0x000000000800290c                HAL_I2C_Master_Transmit
 .text.HAL_I2C_IsDeviceReady
                0x0000000008002af4      0x20e ./Drivers/STM32L4xx_HAL_Driver/Src/stm32l4xx_hal_i2c.o
                0x0000000008002af4                HAL_I2C_IsDeviceReady
 .text.I2C_Flush_TXDR
                0x0000000008002d02       0x48 ./Drivers/STM32L4xx_HAL_Driver/Src/stm32l4xx_hal_i2c.o
 .text.I2C_WaitOnFlagUntilTimeout
                0x0000000008002d4a       0x80 ./Drivers/STM32L4xx_HAL_Driver/Src/stm32l4xx_hal_i2c.o
 .text.I2C_WaitOnTXISFlagUntilTimeout
                0x0000000008002dca       0x80 ./Drivers/STM32L4xx_HAL_Driver/Src/stm32l4xx_hal_i2c.o
 .text.I2C_WaitOnSTOPFlagUntilTimeout
                0x0000000008002e4a       0x78 ./Drivers/STM32L4xx_HAL_Driver/Src/stm32l4xx_hal_i2c.o
 *fill*         0x0000000008002ec2        0x2 
 .text.I2C_IsErrorOccurred
                0x0000000008002ec4      0x1d8 ./Drivers/STM32L4xx_HAL_Driver/Src/stm32l4xx_hal_i2c.o
 .text.I2C_TransferConfig
                0x000000000800309c       0x64 ./Drivers/STM32L4xx_HAL_Driver/Src/stm32l4xx_hal_i2c.o
 .text.HAL_I2CEx_ConfigAnalogFilter
                0x0000000008003100       0x96 ./Drivers/STM32L4xx_HAL_Driver/Src/stm32l4xx_hal_i2c_ex.o
                0x0000000008003100                HAL_I2CEx_ConfigAnalogFilter
 .text.HAL_I2CEx_ConfigDigitalFilter
                0x0000000008003196       0x98 ./Drivers/STM32L4xx_HAL_Driver/Src/stm32l4xx_hal_i2c_ex.o
                0x0000000008003196                HAL_I2CEx_ConfigDigitalFilter
 *fill*         0x000000000800322e        0x2 
 .text.HAL_PWREx_GetVoltageRange
                0x0000000008003230       0x1c ./Drivers/STM32L4xx_HAL_Driver/Src/stm32l4xx_hal_pwr_ex.o
                0x0000000008003230                HAL_PWREx_GetVoltageRange
 .text.HAL_PWREx_ControlVoltageScaling
                0x000000000800324c       0xac ./Drivers/STM32L4xx_HAL_Driver/Src/stm32l4xx_hal_pwr_ex.o
                0x000000000800324c                HAL_PWREx_ControlVoltageScaling
 .text.HAL_RCC_OscConfig
                0x00000000080032f8      0x7d0 ./Drivers/STM32L4xx_HAL_Driver/Src/stm32l4xx_hal_rcc.o
                0x00000000080032f8                HAL_RCC_OscConfig
 .text.HAL_RCC_ClockConfig
                0x0000000008003ac8      0x1c4 ./Drivers/STM32L4xx_HAL_Driver/Src/stm32l4xx_hal_rcc.o
                0x0000000008003ac8                HAL_RCC_ClockConfig
 .text.HAL_RCC_GetSysClockFreq
                0x0000000008003c8c      0x118 ./Drivers/STM32L4xx_HAL_Driver/Src/stm32l4xx_hal_rcc.o
                0x0000000008003c8c                HAL_RCC_GetSysClockFreq
 .text.HAL_RCC_GetHCLKFreq
                0x0000000008003da4       0x18 ./Drivers/STM32L4xx_HAL_Driver/Src/stm32l4xx_hal_rcc.o
                0x0000000008003da4                HAL_RCC_GetHCLKFreq
 .text.HAL_RCC_GetPCLK1Freq
                0x0000000008003dbc       0x2c ./Drivers/STM32L4xx_HAL_Driver/Src/stm32l4xx_hal_rcc.o
                0x0000000008003dbc                HAL_RCC_GetPCLK1Freq
 .text.HAL_RCC_GetPCLK2Freq
                0x0000000008003de8       0x2c ./Drivers/STM32L4xx_HAL_Driver/Src/stm32l4xx_hal_rcc.o
                0x0000000008003de8                HAL_RCC_GetPCLK2Freq
 .text.RCC_SetFlashLatencyFromMSIRange
                0x0000000008003e14       0xc0 ./Drivers/STM32L4xx_HAL_Driver/Src/stm32l4xx_hal_rcc.o
 .text.HAL_RCCEx_PeriphCLKConfig
                0x0000000008003ed4      0x5d4 ./Drivers/STM32L4xx_HAL_Driver/Src/stm32l4xx_hal_rcc_ex.o
                0x0000000008003ed4                HAL_RCCEx_PeriphCLKConfig
 .text.RCCEx_PLLSAI1_Config
                0x00000000080044a8      0x1e8 ./Drivers/STM32L4xx_HAL_Driver/Src/stm32l4xx_hal_rcc_ex.o
 .text.RCCEx_PLLSAI2_Config
                0x0000000008004690      0x1bc ./Drivers/STM32L4xx_HAL_Driver/Src/stm32l4xx_hal_rcc_ex.o
 .text.HAL_UART_Init
                0x000000000800484c       0x9c ./Drivers/STM32L4xx_HAL_Driver/Src/stm32l4xx_hal_uart.o
                0x000000000800484c                HAL_UART_Init
 .text.UART_SetConfig
                0x00000000080048e8      0x570 ./Drivers/STM32L4xx_HAL_Driver/Src/stm32l4xx_hal_uart.o
                0x00000000080048e8                UART_SetConfig
 .text.UART_AdvFeatureConfig
                0x0000000008004e58      0x144 ./Drivers/STM32L4xx_HAL_Driver/Src/stm32l4xx_hal_uart.o
                0x0000000008004e58                UART_AdvFeatureConfig
 .text.UART_CheckIdleState
                0x0000000008004f9c       0x92 ./Drivers/STM32L4xx_HAL_Driver/Src/stm32l4xx_hal_uart.o
                0x0000000008004f9c                UART_CheckIdleState
 .text.UART_WaitOnFlagUntilTimeout
                0x000000000800502e      0x188 ./Drivers/STM32L4xx_HAL_Driver/Src/stm32l4xx_hal_uart.o
                0x000000000800502e                UART_WaitOnFlagUntilTimeout
 *fill*         0x00000000080051b6        0x2 
 .text.__libc_init_array
                0x00000000080051b8       0x48 c:/st/stm32cubeide_1.9.0/stm32cubeide/plugins/com.st.stm32cube.ide.mcu.externaltools.gnu-tools-for-stm32.10.3-2021.10.win32_1.0.0.202111181127/tools/bin/../lib/gcc/arm-none-eabi/10.3.1/../../../../arm-none-eabi/lib/thumb/v7e-m+fp/hard\libc_nano.a(lib_a-init.o)
                0x00000000080051b8                __libc_init_array
 .text.memset   0x0000000008005200       0x10 c:/st/stm32cubeide_1.9.0/stm32cubeide/plugins/com.st.stm32cube.ide.mcu.externaltools.gnu-tools-for-stm32.10.3-2021.10.win32_1.0.0.202111181127/tools/bin/../lib/gcc/arm-none-eabi/10.3.1/../../../../arm-none-eabi/lib/thumb/v7e-m+fp/hard\libc_nano.a(lib_a-memset.o)
                0x0000000008005200                memset
 *(.glue_7)
 .glue_7        0x0000000008005210        0x0 linker stubs
 *(.glue_7t)
 .glue_7t       0x0000000008005210        0x0 linker stubs
 *(.eh_frame)
 .eh_frame      0x0000000008005210        0x0 c:/st/stm32cubeide_1.9.0/stm32cubeide/plugins/com.st.stm32cube.ide.mcu.externaltools.gnu-tools-for-stm32.10.3-2021.10.win32_1.0.0.202111181127/tools/bin/../lib/gcc/arm-none-eabi/10.3.1/thumb/v7e-m+fp/hard/crtbegin.o
 *(.init)
 .init          0x0000000008005210        0x4 c:/st/stm32cubeide_1.9.0/stm32cubeide/plugins/com.st.stm32cube.ide.mcu.externaltools.gnu-tools-for-stm32.10.3-2021.10.win32_1.0.0.202111181127/tools/bin/../lib/gcc/arm-none-eabi/10.3.1/thumb/v7e-m+fp/hard/crti.o
                0x0000000008005210                _init
 .init          0x0000000008005214        0x8 c:/st/stm32cubeide_1.9.0/stm32cubeide/plugins/com.st.stm32cube.ide.mcu.externaltools.gnu-tools-for-stm32.10.3-2021.10.win32_1.0.0.202111181127/tools/bin/../lib/gcc/arm-none-eabi/10.3.1/thumb/v7e-m+fp/hard/crtn.o
 *(.fini)
 .fini          0x000000000800521c        0x4 c:/st/stm32cubeide_1.9.0/stm32cubeide/plugins/com.st.stm32cube.ide.mcu.externaltools.gnu-tools-for-stm32.10.3-2021.10.win32_1.0.0.202111181127/tools/bin/../lib/gcc/arm-none-eabi/10.3.1/thumb/v7e-m+fp/hard/crti.o
                0x000000000800521c                _fini
 .fini          0x0000000008005220        0x8 c:/st/stm32cubeide_1.9.0/stm32cubeide/plugins/com.st.stm32cube.ide.mcu.externaltools.gnu-tools-for-stm32.10.3-2021.10.win32_1.0.0.202111181127/tools/bin/../lib/gcc/arm-none-eabi/10.3.1/thumb/v7e-m+fp/hard/crtn.o
                0x0000000008005228                . = ALIGN (0x4)
                0x0000000008005228                _etext = .

.vfp11_veneer   0x0000000008005228        0x0
 .vfp11_veneer  0x0000000008005228        0x0 linker stubs

.v4_bx          0x0000000008005228        0x0
 .v4_bx         0x0000000008005228        0x0 linker stubs

.iplt           0x0000000008005228        0x0
 .iplt          0x0000000008005228        0x0 c:/st/stm32cubeide_1.9.0/stm32cubeide/plugins/com.st.stm32cube.ide.mcu.externaltools.gnu-tools-for-stm32.10.3-2021.10.win32_1.0.0.202111181127/tools/bin/../lib/gcc/arm-none-eabi/10.3.1/thumb/v7e-m+fp/hard/crtbegin.o

.rodata         0x0000000008005228     0x1548
                0x0000000008005228                . = ALIGN (0x4)
 *(.rodata)
 .rodata        0x0000000008005228       0x35 ./Core/Src/main.o
 *(.rodata*)
 *fill*         0x000000000800525d        0x3 
 .rodata.Font7x10
                0x0000000008005260      0x76c ./Core/Src/fonts.o
                0x0000000008005260                Font7x10
 .rodata.Font11x18
                0x00000000080059cc      0xd5c ./Core/Src/fonts.o
                0x00000000080059cc                Font11x18
 .rodata.AHBPrescTable
                0x0000000008006728       0x10 ./Core/Src/system_stm32l4xx.o
                0x0000000008006728                AHBPrescTable
 .rodata.APBPrescTable
                0x0000000008006738        0x8 ./Core/Src/system_stm32l4xx.o
                0x0000000008006738                APBPrescTable
 .rodata.MSIRangeTable
                0x0000000008006740       0x30 ./Core/Src/system_stm32l4xx.o
                0x0000000008006740                MSIRangeTable
                0x0000000008006770                . = ALIGN (0x4)

.ARM.extab      0x0000000008006770        0x0
                0x0000000008006770                . = ALIGN (0x4)
 *(.ARM.extab* .gnu.linkonce.armextab.*)
                0x0000000008006770                . = ALIGN (0x4)

.ARM            0x0000000008006770        0x8
                0x0000000008006770                . = ALIGN (0x4)
                0x0000000008006770                __exidx_start = .
 *(.ARM.exidx*)
 .ARM.exidx     0x0000000008006770        0x8 c:/st/stm32cubeide_1.9.0/stm32cubeide/plugins/com.st.stm32cube.ide.mcu.externaltools.gnu-tools-for-stm32.10.3-2021.10.win32_1.0.0.202111181127/tools/bin/../lib/gcc/arm-none-eabi/10.3.1/thumb/v7e-m+fp/hard\libgcc.a(_udivmoddi4.o)
                0x0000000008006778                __exidx_end = .
                0x0000000008006778                . = ALIGN (0x4)

.rel.dyn        0x0000000008006778        0x0
 .rel.iplt      0x0000000008006778        0x0 c:/st/stm32cubeide_1.9.0/stm32cubeide/plugins/com.st.stm32cube.ide.mcu.externaltools.gnu-tools-for-stm32.10.3-2021.10.win32_1.0.0.202111181127/tools/bin/../lib/gcc/arm-none-eabi/10.3.1/thumb/v7e-m+fp/hard/crtbegin.o

.preinit_array  0x0000000008006778        0x0
                0x0000000008006778                . = ALIGN (0x4)
                0x0000000008006778                PROVIDE (__preinit_array_start = .)
 *(.preinit_array*)
                0x0000000008006778                PROVIDE (__preinit_array_end = .)
                0x0000000008006778                . = ALIGN (0x4)

.init_array     0x0000000008006778        0x4
                0x0000000008006778                . = ALIGN (0x4)
                0x0000000008006778                PROVIDE (__init_array_start = .)
 *(SORT_BY_NAME(.init_array.*))
 *(.init_array*)
 .init_array    0x0000000008006778        0x4 c:/st/stm32cubeide_1.9.0/stm32cubeide/plugins/com.st.stm32cube.ide.mcu.externaltools.gnu-tools-for-stm32.10.3-2021.10.win32_1.0.0.202111181127/tools/bin/../lib/gcc/arm-none-eabi/10.3.1/thumb/v7e-m+fp/hard/crtbegin.o
                0x000000000800677c                PROVIDE (__init_array_end = .)
                0x000000000800677c                . = ALIGN (0x4)

.fini_array     0x000000000800677c        0x4
                0x000000000800677c                . = ALIGN (0x4)
                [!provide]                        PROVIDE (__fini_array_start = .)
 *(SORT_BY_NAME(.fini_array.*))
 *(.fini_array*)
 .fini_array    0x000000000800677c        0x4 c:/st/stm32cubeide_1.9.0/stm32cubeide/plugins/com.st.stm32cube.ide.mcu.externaltools.gnu-tools-for-stm32.10.3-2021.10.win32_1.0.0.202111181127/tools/bin/../lib/gcc/arm-none-eabi/10.3.1/thumb/v7e-m+fp/hard/crtbegin.o
                [!provide]                        PROVIDE (__fini_array_end = .)
                0x0000000008006780                . = ALIGN (0x4)
                0x0000000008006780                _sidata = LOADADDR (.data)

.data           0x0000000020000000       0x1c load address 0x0000000008006780
                0x0000000020000000                . = ALIGN (0x4)
                0x0000000020000000                _sdata = .
 *(.data)
 *(.data*)
 .data.Font_7x10
                0x0000000020000000        0x8 ./Core/Src/fonts.o
                0x0000000020000000                Font_7x10
 .data.Font_11x18
                0x0000000020000008        0x8 ./Core/Src/fonts.o
                0x0000000020000008                Font_11x18
 .data.SystemCoreClock
                0x0000000020000010        0x4 ./Core/Src/system_stm32l4xx.o
                0x0000000020000010                SystemCoreClock
 .data.uwTickPrio
                0x0000000020000014        0x4 ./Drivers/STM32L4xx_HAL_Driver/Src/stm32l4xx_hal.o
                0x0000000020000014                uwTickPrio
 .data.uwTickFreq
                0x0000000020000018        0x1 ./Drivers/STM32L4xx_HAL_Driver/Src/stm32l4xx_hal.o
                0x0000000020000018                uwTickFreq
                0x000000002000001c                . = ALIGN (0x4)
 *fill*         0x0000000020000019        0x3 
                0x000000002000001c                _edata = .

.igot.plt       0x000000002000001c        0x0 load address 0x000000000800679c
 .igot.plt      0x000000002000001c        0x0 c:/st/stm32cubeide_1.9.0/stm32cubeide/plugins/com.st.stm32cube.ide.mcu.externaltools.gnu-tools-for-stm32.10.3-2021.10.win32_1.0.0.202111181127/tools/bin/../lib/gcc/arm-none-eabi/10.3.1/thumb/v7e-m+fp/hard/crtbegin.o
                0x000000002000001c                . = ALIGN (0x4)

.bss            0x000000002000001c      0x55c load address 0x000000000800679c
                0x000000002000001c                _sbss = .
                0x000000002000001c                __bss_start__ = _sbss
 *(.bss)
 .bss           0x000000002000001c       0x1c c:/st/stm32cubeide_1.9.0/stm32cubeide/plugins/com.st.stm32cube.ide.mcu.externaltools.gnu-tools-for-stm32.10.3-2021.10.win32_1.0.0.202111181127/tools/bin/../lib/gcc/arm-none-eabi/10.3.1/thumb/v7e-m+fp/hard/crtbegin.o
 *(.bss*)
 .bss.hadc1     0x0000000020000038       0x64 ./Core/Src/main.o
                0x0000000020000038                hadc1
 .bss.hi2c1     0x000000002000009c       0x4c ./Core/Src/main.o
                0x000000002000009c                hi2c1
 .bss.huart2    0x00000000200000e8       0x84 ./Core/Src/main.o
                0x00000000200000e8                huart2
 .bss.SSD1306_Buffer
                0x000000002000016c      0x400 ./Core/Src/ssd1306.o
 .bss.SSD1306   0x000000002000056c        0x6 ./Core/Src/ssd1306.o
 *fill*         0x0000000020000572        0x2 
 .bss.uwTick    0x0000000020000574        0x4 ./Drivers/STM32L4xx_HAL_Driver/Src/stm32l4xx_hal.o
                0x0000000020000574                uwTick
 *(COMMON)
                0x0000000020000578                . = ALIGN (0x4)
                0x0000000020000578                _ebss = .
                0x0000000020000578                __bss_end__ = _ebss

._user_heap_stack
                0x0000000020000578      0x600 load address 0x000000000800679c
                0x0000000020000578                . = ALIGN (0x8)
                0x0000000020000578                PROVIDE (end = .)
                [!provide]                        PROVIDE (_end = .)
                0x0000000020000778                . = (. + _Min_Heap_Size)
 *fill*         0x0000000020000578      0x200 
                0x0000000020000b78                . = (. + _Min_Stack_Size)
 *fill*         0x0000000020000778      0x400 
                0x0000000020000b78                . = ALIGN (0x8)

/DISCARD/
 libc.a(*)
 libm.a(*)
 libgcc.a(*)

.ARM.attributes
                0x0000000000000000       0x30
 *(.ARM.attributes)
 .ARM.attributes
                0x0000000000000000       0x1e c:/st/stm32cubeide_1.9.0/stm32cubeide/plugins/com.st.stm32cube.ide.mcu.externaltools.gnu-tools-for-stm32.10.3-2021.10.win32_1.0.0.202111181127/tools/bin/../lib/gcc/arm-none-eabi/10.3.1/thumb/v7e-m+fp/hard/crti.o
 .ARM.attributes
                0x000000000000001e       0x34 c:/st/stm32cubeide_1.9.0/stm32cubeide/plugins/com.st.stm32cube.ide.mcu.externaltools.gnu-tools-for-stm32.10.3-2021.10.win32_1.0.0.202111181127/tools/bin/../lib/gcc/arm-none-eabi/10.3.1/thumb/v7e-m+fp/hard/crtbegin.o
 .ARM.attributes
                0x0000000000000052       0x34 ./Core/Src/fonts.o
 .ARM.attributes
                0x0000000000000086       0x34 ./Core/Src/main.o
 .ARM.attributes
                0x00000000000000ba       0x34 ./Core/Src/ssd1306.o
 .ARM.attributes
                0x00000000000000ee       0x34 ./Core/Src/stm32l4xx_hal_msp.o
 .ARM.attributes
                0x0000000000000122       0x34 ./Core/Src/stm32l4xx_it.o
 .ARM.attributes
                0x0000000000000156       0x34 ./Core/Src/system_stm32l4xx.o
 .ARM.attributes
                0x000000000000018a       0x21 ./Core/Startup/startup_stm32l476rgtx.o
 .ARM.attributes
                0x00000000000001ab       0x34 ./Drivers/STM32L4xx_HAL_Driver/Src/stm32l4xx_hal.o
 .ARM.attributes
                0x00000000000001df       0x34 ./Drivers/STM32L4xx_HAL_Driver/Src/stm32l4xx_hal_adc.o
 .ARM.attributes
                0x0000000000000213       0x34 ./Drivers/STM32L4xx_HAL_Driver/Src/stm32l4xx_hal_adc_ex.o
 .ARM.attributes
                0x0000000000000247       0x34 ./Drivers/STM32L4xx_HAL_Driver/Src/stm32l4xx_hal_cortex.o
 .ARM.attributes
                0x000000000000027b       0x34 ./Drivers/STM32L4xx_HAL_Driver/Src/stm32l4xx_hal_gpio.o
 .ARM.attributes
                0x00000000000002af       0x34 ./Drivers/STM32L4xx_HAL_Driver/Src/stm32l4xx_hal_i2c.o
 .ARM.attributes
                0x00000000000002e3       0x34 ./Drivers/STM32L4xx_HAL_Driver/Src/stm32l4xx_hal_i2c_ex.o
 .ARM.attributes
                0x0000000000000317       0x34 ./Drivers/STM32L4xx_HAL_Driver/Src/stm32l4xx_hal_pwr_ex.o
 .ARM.attributes
                0x000000000000034b       0x34 ./Drivers/STM32L4xx_HAL_Driver/Src/stm32l4xx_hal_rcc.o
 .ARM.attributes
                0x000000000000037f       0x34 ./Drivers/STM32L4xx_HAL_Driver/Src/stm32l4xx_hal_rcc_ex.o
 .ARM.attributes
                0x00000000000003b3       0x34 ./Drivers/STM32L4xx_HAL_Driver/Src/stm32l4xx_hal_uart.o
 .ARM.attributes
                0x00000000000003e7       0x34 c:/st/stm32cubeide_1.9.0/stm32cubeide/plugins/com.st.stm32cube.ide.mcu.externaltools.gnu-tools-for-stm32.10.3-2021.10.win32_1.0.0.202111181127/tools/bin/../lib/gcc/arm-none-eabi/10.3.1/../../../../arm-none-eabi/lib/thumb/v7e-m+fp/hard\libc_nano.a(lib_a-init.o)
 .ARM.attributes
                0x000000000000041b       0x34 c:/st/stm32cubeide_1.9.0/stm32cubeide/plugins/com.st.stm32cube.ide.mcu.externaltools.gnu-tools-for-stm32.10.3-2021.10.win32_1.0.0.202111181127/tools/bin/../lib/gcc/arm-none-eabi/10.3.1/../../../../arm-none-eabi/lib/thumb/v7e-m+fp/hard\libc_nano.a(lib_a-memset.o)
 .ARM.attributes
                0x000000000000044f       0x1e c:/st/stm32cubeide_1.9.0/stm32cubeide/plugins/com.st.stm32cube.ide.mcu.externaltools.gnu-tools-for-stm32.10.3-2021.10.win32_1.0.0.202111181127/tools/bin/../lib/gcc/arm-none-eabi/10.3.1/thumb/v7e-m+fp/hard\libgcc.a(_aeabi_uldivmod.o)
 .ARM.attributes
                0x000000000000046d       0x34 c:/st/stm32cubeide_1.9.0/stm32cubeide/plugins/com.st.stm32cube.ide.mcu.externaltools.gnu-tools-for-stm32.10.3-2021.10.win32_1.0.0.202111181127/tools/bin/../lib/gcc/arm-none-eabi/10.3.1/thumb/v7e-m+fp/hard\libgcc.a(_udivmoddi4.o)
 .ARM.attributes
                0x00000000000004a1       0x1e c:/st/stm32cubeide_1.9.0/stm32cubeide/plugins/com.st.stm32cube.ide.mcu.externaltools.gnu-tools-for-stm32.10.3-2021.10.win32_1.0.0.202111181127/tools/bin/../lib/gcc/arm-none-eabi/10.3.1/thumb/v7e-m+fp/hard\libgcc.a(_dvmd_tls.o)
 .ARM.attributes
                0x00000000000004bf       0x1e c:/st/stm32cubeide_1.9.0/stm32cubeide/plugins/com.st.stm32cube.ide.mcu.externaltools.gnu-tools-for-stm32.10.3-2021.10.win32_1.0.0.202111181127/tools/bin/../lib/gcc/arm-none-eabi/10.3.1/thumb/v7e-m+fp/hard/crtn.o
OUTPUT(oled_display.elf elf32-littlearm)
LOAD linker stubs
LOAD c:/st/stm32cubeide_1.9.0/stm32cubeide/plugins/com.st.stm32cube.ide.mcu.externaltools.gnu-tools-for-stm32.10.3-2021.10.win32_1.0.0.202111181127/tools/bin/../lib/gcc/arm-none-eabi/10.3.1/../../../../arm-none-eabi/lib/thumb/v7e-m+fp/hard\libc.a
LOAD c:/st/stm32cubeide_1.9.0/stm32cubeide/plugins/com.st.stm32cube.ide.mcu.externaltools.gnu-tools-for-stm32.10.3-2021.10.win32_1.0.0.202111181127/tools/bin/../lib/gcc/arm-none-eabi/10.3.1/../../../../arm-none-eabi/lib/thumb/v7e-m+fp/hard\libm.a
LOAD c:/st/stm32cubeide_1.9.0/stm32cubeide/plugins/com.st.stm32cube.ide.mcu.externaltools.gnu-tools-for-stm32.10.3-2021.10.win32_1.0.0.202111181127/tools/bin/../lib/gcc/arm-none-eabi/10.3.1/thumb/v7e-m+fp/hard\libgcc.a

.debug_info     0x0000000000000000    0x13425
 .debug_info    0x0000000000000000      0x27a ./Core/Src/fonts.o
 .debug_info    0x000000000000027a     0x1839 ./Core/Src/main.o
 .debug_info    0x0000000000001ab3     0x1150 ./Core/Src/ssd1306.o
 .debug_info    0x0000000000002c03     0x1591 ./Core/Src/stm32l4xx_hal_msp.o
 .debug_info    0x0000000000004194      0x122 ./Core/Src/stm32l4xx_it.o
 .debug_info    0x00000000000042b6      0x5e8 ./Core/Src/system_stm32l4xx.o
 .debug_info    0x000000000000489e       0x22 ./Core/Startup/startup_stm32l476rgtx.o
 .debug_info    0x00000000000048c0      0xc57 ./Drivers/STM32L4xx_HAL_Driver/Src/stm32l4xx_hal.o
 .debug_info    0x0000000000005517     0x1e74 ./Drivers/STM32L4xx_HAL_Driver/Src/stm32l4xx_hal_adc.o
 .debug_info    0x000000000000738b     0x1beb ./Drivers/STM32L4xx_HAL_Driver/Src/stm32l4xx_hal_adc_ex.o
 .debug_info    0x0000000000008f76      0xe21 ./Drivers/STM32L4xx_HAL_Driver/Src/stm32l4xx_hal_cortex.o
 .debug_info    0x0000000000009d97      0x821 ./Drivers/STM32L4xx_HAL_Driver/Src/stm32l4xx_hal_gpio.o
 .debug_info    0x000000000000a5b8     0x21d0 ./Drivers/STM32L4xx_HAL_Driver/Src/stm32l4xx_hal_i2c.o
 .debug_info    0x000000000000c788      0xa2b ./Drivers/STM32L4xx_HAL_Driver/Src/stm32l4xx_hal_i2c_ex.o
 .debug_info    0x000000000000d1b3      0x9f0 ./Drivers/STM32L4xx_HAL_Driver/Src/stm32l4xx_hal_pwr_ex.o
 .debug_info    0x000000000000dba3      0xced ./Drivers/STM32L4xx_HAL_Driver/Src/stm32l4xx_hal_rcc.o
 .debug_info    0x000000000000e890      0xe92 ./Drivers/STM32L4xx_HAL_Driver/Src/stm32l4xx_hal_rcc_ex.o
 .debug_info    0x000000000000f722     0x3d03 ./Drivers/STM32L4xx_HAL_Driver/Src/stm32l4xx_hal_uart.o

.debug_abbrev   0x0000000000000000     0x2575
 .debug_abbrev  0x0000000000000000      0x111 ./Core/Src/fonts.o
 .debug_abbrev  0x0000000000000111      0x2f6 ./Core/Src/main.o
 .debug_abbrev  0x0000000000000407      0x303 ./Core/Src/ssd1306.o
 .debug_abbrev  0x000000000000070a      0x20e ./Core/Src/stm32l4xx_hal_msp.o
 .debug_abbrev  0x0000000000000918       0x74 ./Core/Src/stm32l4xx_it.o
 .debug_abbrev  0x000000000000098c      0x13b ./Core/Src/system_stm32l4xx.o
 .debug_abbrev  0x0000000000000ac7       0x12 ./Core/Startup/startup_stm32l476rgtx.o
 .debug_abbrev  0x0000000000000ad9      0x23a ./Drivers/STM32L4xx_HAL_Driver/Src/stm32l4xx_hal.o
 .debug_abbrev  0x0000000000000d13      0x2bf ./Drivers/STM32L4xx_HAL_Driver/Src/stm32l4xx_hal_adc.o
 .debug_abbrev  0x0000000000000fd2      0x2da ./Drivers/STM32L4xx_HAL_Driver/Src/stm32l4xx_hal_adc_ex.o
 .debug_abbrev  0x00000000000012ac      0x316 ./Drivers/STM32L4xx_HAL_Driver/Src/stm32l4xx_hal_cortex.o
 .debug_abbrev  0x00000000000015c2      0x1bb ./Drivers/STM32L4xx_HAL_Driver/Src/stm32l4xx_hal_gpio.o
 .debug_abbrev  0x000000000000177d      0x243 ./Drivers/STM32L4xx_HAL_Driver/Src/stm32l4xx_hal_i2c.o
 .debug_abbrev  0x00000000000019c0      0x1b0 ./Drivers/STM32L4xx_HAL_Driver/Src/stm32l4xx_hal_i2c_ex.o
 .debug_abbrev  0x0000000000001b70      0x1f3 ./Drivers/STM32L4xx_HAL_Driver/Src/stm32l4xx_hal_pwr_ex.o
 .debug_abbrev  0x0000000000001d63      0x2bd ./Drivers/STM32L4xx_HAL_Driver/Src/stm32l4xx_hal_rcc.o
 .debug_abbrev  0x0000000000002020      0x299 ./Drivers/STM32L4xx_HAL_Driver/Src/stm32l4xx_hal_rcc_ex.o
 .debug_abbrev  0x00000000000022b9      0x2bc ./Drivers/STM32L4xx_HAL_Driver/Src/stm32l4xx_hal_uart.o

.debug_aranges  0x0000000000000000     0x1080
 .debug_aranges
                0x0000000000000000       0x20 ./Core/Src/fonts.o
 .debug_aranges
                0x0000000000000020       0x50 ./Core/Src/main.o
 .debug_aranges
                0x0000000000000070       0xf8 ./Core/Src/ssd1306.o
 .debug_aranges
                0x0000000000000168       0x50 ./Core/Src/stm32l4xx_hal_msp.o
 .debug_aranges
                0x00000000000001b8       0x60 ./Core/Src/stm32l4xx_it.o
 .debug_aranges
                0x0000000000000218       0x28 ./Core/Src/system_stm32l4xx.o
 .debug_aranges
                0x0000000000000240       0x28 ./Core/Startup/startup_stm32l476rgtx.o
 .debug_aranges
                0x0000000000000268      0x130 ./Drivers/STM32L4xx_HAL_Driver/Src/stm32l4xx_hal.o
 .debug_aranges
                0x0000000000000398      0x220 ./Drivers/STM32L4xx_HAL_Driver/Src/stm32l4xx_hal_adc.o
 .debug_aranges
                0x00000000000005b8      0x1a8 ./Drivers/STM32L4xx_HAL_Driver/Src/stm32l4xx_hal_adc_ex.o
 .debug_aranges
                0x0000000000000760      0x118 ./Drivers/STM32L4xx_HAL_Driver/Src/stm32l4xx_hal_cortex.o
 .debug_aranges
                0x0000000000000878       0x58 ./Drivers/STM32L4xx_HAL_Driver/Src/stm32l4xx_hal_gpio.o
 .debug_aranges
                0x00000000000008d0      0x290 ./Drivers/STM32L4xx_HAL_Driver/Src/stm32l4xx_hal_i2c.o
 .debug_aranges
                0x0000000000000b60       0x48 ./Drivers/STM32L4xx_HAL_Driver/Src/stm32l4xx_hal_i2c_ex.o
 .debug_aranges
                0x0000000000000ba8      0x160 ./Drivers/STM32L4xx_HAL_Driver/Src/stm32l4xx_hal_pwr_ex.o
 .debug_aranges
                0x0000000000000d08       0x90 ./Drivers/STM32L4xx_HAL_Driver/Src/stm32l4xx_hal_rcc.o
 .debug_aranges
                0x0000000000000d98       0xc0 ./Drivers/STM32L4xx_HAL_Driver/Src/stm32l4xx_hal_rcc_ex.o
 .debug_aranges
                0x0000000000000e58      0x228 ./Drivers/STM32L4xx_HAL_Driver/Src/stm32l4xx_hal_uart.o

.debug_ranges   0x0000000000000000      0xf98
 .debug_ranges  0x0000000000000000       0x10 ./Core/Src/fonts.o
 .debug_ranges  0x0000000000000010       0x40 ./Core/Src/main.o
 .debug_ranges  0x0000000000000050       0xe8 ./Core/Src/ssd1306.o
 .debug_ranges  0x0000000000000138       0x40 ./Core/Src/stm32l4xx_hal_msp.o
 .debug_ranges  0x0000000000000178       0x50 ./Core/Src/stm32l4xx_it.o
 .debug_ranges  0x00000000000001c8       0x18 ./Core/Src/system_stm32l4xx.o
 .debug_ranges  0x00000000000001e0       0x20 ./Core/Startup/startup_stm32l476rgtx.o
 .debug_ranges  0x0000000000000200      0x120 ./Drivers/STM32L4xx_HAL_Driver/Src/stm32l4xx_hal.o
 .debug_ranges  0x0000000000000320      0x210 ./Drivers/STM32L4xx_HAL_Driver/Src/stm32l4xx_hal_adc.o
 .debug_ranges  0x0000000000000530      0x198 ./Drivers/STM32L4xx_HAL_Driver/Src/stm32l4xx_hal_adc_ex.o
 .debug_ranges  0x00000000000006c8      0x108 ./Drivers/STM32L4xx_HAL_Driver/Src/stm32l4xx_hal_cortex.o
 .debug_ranges  0x00000000000007d0       0x48 ./Drivers/STM32L4xx_HAL_Driver/Src/stm32l4xx_hal_gpio.o
 .debug_ranges  0x0000000000000818      0x280 ./Drivers/STM32L4xx_HAL_Driver/Src/stm32l4xx_hal_i2c.o
 .debug_ranges  0x0000000000000a98       0x38 ./Drivers/STM32L4xx_HAL_Driver/Src/stm32l4xx_hal_i2c_ex.o
 .debug_ranges  0x0000000000000ad0      0x150 ./Drivers/STM32L4xx_HAL_Driver/Src/stm32l4xx_hal_pwr_ex.o
 .debug_ranges  0x0000000000000c20       0x80 ./Drivers/STM32L4xx_HAL_Driver/Src/stm32l4xx_hal_rcc.o
 .debug_ranges  0x0000000000000ca0       0xb0 ./Drivers/STM32L4xx_HAL_Driver/Src/stm32l4xx_hal_rcc_ex.o
 .debug_ranges  0x0000000000000d50      0x248 ./Drivers/STM32L4xx_HAL_Driver/Src/stm32l4xx_hal_uart.o

.debug_macro    0x0000000000000000    0x281e8
 .debug_macro   0x0000000000000000      0x2c0 ./Core/Src/fonts.o
 .debug_macro   0x00000000000002c0      0xa78 ./Core/Src/fonts.o
 .debug_macro   0x0000000000000d38      0x1ad ./Core/Src/fonts.o
 .debug_macro   0x0000000000000ee5       0x2e ./Core/Src/fonts.o
 .debug_macro   0x0000000000000f13       0x28 ./Core/Src/fonts.o
 .debug_macro   0x0000000000000f3b       0x22 ./Core/Src/fonts.o
 .debug_macro   0x0000000000000f5d       0x8e ./Core/Src/fonts.o
 .debug_macro   0x0000000000000feb       0x51 ./Core/Src/fonts.o
 .debug_macro   0x000000000000103c      0x103 ./Core/Src/fonts.o
 .debug_macro   0x000000000000113f       0x6a ./Core/Src/fonts.o
 .debug_macro   0x00000000000011a9      0x1df ./Core/Src/fonts.o
 .debug_macro   0x0000000000001388       0x1c ./Core/Src/fonts.o
 .debug_macro   0x00000000000013a4       0x22 ./Core/Src/fonts.o
 .debug_macro   0x00000000000013c6       0xfb ./Core/Src/fonts.o
 .debug_macro   0x00000000000014c1     0x1011 ./Core/Src/fonts.o
 .debug_macro   0x00000000000024d2      0x11f ./Core/Src/fonts.o
 .debug_macro   0x00000000000025f1    0x1a17a ./Core/Src/fonts.o
 .debug_macro   0x000000000001c76b       0x6d ./Core/Src/fonts.o
 .debug_macro   0x000000000001c7d8     0x38e2 ./Core/Src/fonts.o
 .debug_macro   0x00000000000200ba      0x174 ./Core/Src/fonts.o
 .debug_macro   0x000000000002022e       0x5c ./Core/Src/fonts.o
 .debug_macro   0x000000000002028a     0x159e ./Core/Src/fonts.o
 .debug_macro   0x0000000000021828      0x5a5 ./Core/Src/fonts.o
 .debug_macro   0x0000000000021dcd      0x1b9 ./Core/Src/fonts.o
 .debug_macro   0x0000000000021f86      0x18b ./Core/Src/fonts.o
 .debug_macro   0x0000000000022111      0x26b ./Core/Src/fonts.o
 .debug_macro   0x000000000002237c      0x23d ./Core/Src/fonts.o
 .debug_macro   0x00000000000225b9      0xf83 ./Core/Src/fonts.o
 .debug_macro   0x000000000002353c      0x632 ./Core/Src/fonts.o
 .debug_macro   0x0000000000023b6e      0x30c ./Core/Src/fonts.o
 .debug_macro   0x0000000000023e7a      0x241 ./Core/Src/fonts.o
 .debug_macro   0x00000000000240bb      0x37c ./Core/Src/fonts.o
 .debug_macro   0x0000000000024437       0xd6 ./Core/Src/fonts.o
 .debug_macro   0x000000000002450d      0x22c ./Core/Src/fonts.o
 .debug_macro   0x0000000000024739       0x61 ./Core/Src/fonts.o
 .debug_macro   0x000000000002479a       0xa5 ./Core/Src/fonts.o
 .debug_macro   0x000000000002483f      0x122 ./Core/Src/fonts.o
 .debug_macro   0x0000000000024961      0x3ef ./Core/Src/fonts.o
 .debug_macro   0x0000000000024d50      0x5ba ./Core/Src/fonts.o
 .debug_macro   0x000000000002530a       0x44 ./Core/Src/fonts.o
 .debug_macro   0x000000000002534e      0x330 ./Core/Src/fonts.o
 .debug_macro   0x000000000002567e       0x52 ./Core/Src/fonts.o
 .debug_macro   0x00000000000256d0       0x1e ./Core/Src/fonts.o
 .debug_macro   0x00000000000256ee       0x3c ./Core/Src/fonts.o
 .debug_macro   0x000000000002572a       0x34 ./Core/Src/fonts.o
 .debug_macro   0x000000000002575e       0x16 ./Core/Src/fonts.o
 .debug_macro   0x0000000000025774       0x43 ./Core/Src/fonts.o
 .debug_macro   0x00000000000257b7       0x34 ./Core/Src/fonts.o
 .debug_macro   0x00000000000257eb       0x10 ./Core/Src/fonts.o
 .debug_macro   0x00000000000257fb       0x58 ./Core/Src/fonts.o
 .debug_macro   0x0000000000025853       0x71 ./Core/Src/fonts.o
 .debug_macro   0x00000000000258c4       0x1c ./Core/Src/fonts.o
 .debug_macro   0x00000000000258e0      0x12a ./Core/Src/fonts.o
 .debug_macro   0x0000000000025a0a      0x341 ./Core/Src/fonts.o
 .debug_macro   0x0000000000025d4b       0x10 ./Core/Src/fonts.o
 .debug_macro   0x0000000000025d5b       0x35 ./Core/Src/fonts.o
 .debug_macro   0x0000000000025d90       0x20 ./Core/Src/fonts.o
 .debug_macro   0x0000000000025db0      0x334 ./Core/Src/main.o
 .debug_macro   0x00000000000260e4       0x58 ./Core/Src/main.o
 .debug_macro   0x000000000002613c       0x16 ./Core/Src/main.o
 .debug_macro   0x0000000000026152       0x16 ./Core/Src/main.o
 .debug_macro   0x0000000000026168       0x29 ./Core/Src/main.o
 .debug_macro   0x0000000000026191       0x1d ./Core/Src/main.o
 .debug_macro   0x00000000000261ae      0x34b ./Core/Src/ssd1306.o
 .debug_macro   0x00000000000264f9      0x1f7 ./Core/Src/stm32l4xx_hal_msp.o
 .debug_macro   0x00000000000266f0      0x201 ./Core/Src/stm32l4xx_it.o
 .debug_macro   0x00000000000268f1      0x1ee ./Core/Src/system_stm32l4xx.o
 .debug_macro   0x0000000000026adf      0x236 ./Drivers/STM32L4xx_HAL_Driver/Src/stm32l4xx_hal.o
 .debug_macro   0x0000000000026d15      0x205 ./Drivers/STM32L4xx_HAL_Driver/Src/stm32l4xx_hal_adc.o
 .debug_macro   0x0000000000026f1a      0x1f4 ./Drivers/STM32L4xx_HAL_Driver/Src/stm32l4xx_hal_adc_ex.o
 .debug_macro   0x000000000002710e      0x1e8 ./Drivers/STM32L4xx_HAL_Driver/Src/stm32l4xx_hal_cortex.o
 .debug_macro   0x00000000000272f6      0x1ef ./Drivers/STM32L4xx_HAL_Driver/Src/stm32l4xx_hal_gpio.o
 .debug_macro   0x00000000000274e5      0x2b4 ./Drivers/STM32L4xx_HAL_Driver/Src/stm32l4xx_hal_i2c.o
 .debug_macro   0x0000000000027799      0x1e8 ./Drivers/STM32L4xx_HAL_Driver/Src/stm32l4xx_hal_i2c_ex.o
 .debug_macro   0x0000000000027981      0x20c ./Drivers/STM32L4xx_HAL_Driver/Src/stm32l4xx_hal_pwr_ex.o
 .debug_macro   0x0000000000027b8d      0x22a ./Drivers/STM32L4xx_HAL_Driver/Src/stm32l4xx_hal_rcc.o
 .debug_macro   0x0000000000027db7      0x21e ./Drivers/STM32L4xx_HAL_Driver/Src/stm32l4xx_hal_rcc_ex.o
 .debug_macro   0x0000000000027fd5      0x213 ./Drivers/STM32L4xx_HAL_Driver/Src/stm32l4xx_hal_uart.o

.debug_line     0x0000000000000000    0x134c4
 .debug_line    0x0000000000000000      0x862 ./Core/Src/fonts.o
 .debug_line    0x0000000000000862      0xa6d ./Core/Src/main.o
 .debug_line    0x00000000000012cf     0x1036 ./Core/Src/ssd1306.o
 .debug_line    0x0000000000002305      0x829 ./Core/Src/stm32l4xx_hal_msp.o
 .debug_line    0x0000000000002b2e      0x7bc ./Core/Src/stm32l4xx_it.o
 .debug_line    0x00000000000032ea      0x7ca ./Core/Src/system_stm32l4xx.o
 .debug_line    0x0000000000003ab4       0x85 ./Core/Startup/startup_stm32l476rgtx.o
 .debug_line    0x0000000000003b39      0xaf0 ./Drivers/STM32L4xx_HAL_Driver/Src/stm32l4xx_hal.o
 .debug_line    0x0000000000004629     0x1e3b ./Drivers/STM32L4xx_HAL_Driver/Src/stm32l4xx_hal_adc.o
 .debug_line    0x0000000000006464     0x1871 ./Drivers/STM32L4xx_HAL_Driver/Src/stm32l4xx_hal_adc_ex.o
 .debug_line    0x0000000000007cd5      0xc96 ./Drivers/STM32L4xx_HAL_Driver/Src/stm32l4xx_hal_cortex.o
 .debug_line    0x000000000000896b      0xb63 ./Drivers/STM32L4xx_HAL_Driver/Src/stm32l4xx_hal_gpio.o
 .debug_line    0x00000000000094ce     0x3387 ./Drivers/STM32L4xx_HAL_Driver/Src/stm32l4xx_hal_i2c.o
 .debug_line    0x000000000000c855      0x91d ./Drivers/STM32L4xx_HAL_Driver/Src/stm32l4xx_hal_i2c_ex.o
 .debug_line    0x000000000000d172      0xce7 ./Drivers/STM32L4xx_HAL_Driver/Src/stm32l4xx_hal_pwr_ex.o
 .debug_line    0x000000000000de59      0xf56 ./Drivers/STM32L4xx_HAL_Driver/Src/stm32l4xx_hal_rcc.o
 .debug_line    0x000000000000edaf     0x14a8 ./Drivers/STM32L4xx_HAL_Driver/Src/stm32l4xx_hal_rcc_ex.o
 .debug_line    0x0000000000010257     0x326d ./Drivers/STM32L4xx_HAL_Driver/Src/stm32l4xx_hal_uart.o

.debug_str      0x0000000000000000    0xfd104
 .debug_str     0x0000000000000000    0xf73c4 ./Core/Src/fonts.o
                                      0xf78ab (size before relaxing)
 .debug_str     0x00000000000f73c4     0x104c ./Core/Src/main.o
                                      0xf8a27 (size before relaxing)
 .debug_str     0x00000000000f8410      0x4df ./Core/Src/ssd1306.o
                                      0xf839c (size before relaxing)
 .debug_str     0x00000000000f88ef      0x328 ./Core/Src/stm32l4xx_hal_msp.o
                                      0xf5942 (size before relaxing)
 .debug_str     0x00000000000f8c17       0xc9 ./Core/Src/stm32l4xx_it.o
                                      0xf4b82 (size before relaxing)
 .debug_str     0x00000000000f8ce0      0x107 ./Core/Src/system_stm32l4xx.o
                                      0xf4c05 (size before relaxing)
 .debug_str     0x00000000000f8de7       0x36 ./Core/Startup/startup_stm32l476rgtx.o
                                         0x76 (size before relaxing)
 .debug_str     0x00000000000f8e1d      0xaff ./Drivers/STM32L4xx_HAL_Driver/Src/stm32l4xx_hal.o
                                      0xf57e9 (size before relaxing)
 .debug_str     0x00000000000f991c      0xa99 ./Drivers/STM32L4xx_HAL_Driver/Src/stm32l4xx_hal_adc.o
                                      0xf5a49 (size before relaxing)
 .debug_str     0x00000000000fa3b5      0x631 ./Drivers/STM32L4xx_HAL_Driver/Src/stm32l4xx_hal_adc_ex.o
                                      0xf59ce (size before relaxing)
 .debug_str     0x00000000000fa9e6      0x344 ./Drivers/STM32L4xx_HAL_Driver/Src/stm32l4xx_hal_cortex.o
                                      0xf5431 (size before relaxing)
 .debug_str     0x00000000000fad2a      0x123 ./Drivers/STM32L4xx_HAL_Driver/Src/stm32l4xx_hal_gpio.o
                                      0xf4d63 (size before relaxing)
 .debug_str     0x00000000000fae4d      0xd7b ./Drivers/STM32L4xx_HAL_Driver/Src/stm32l4xx_hal_i2c.o
                                      0xf5daf (size before relaxing)
 .debug_str     0x00000000000fbbc8       0xb8 ./Drivers/STM32L4xx_HAL_Driver/Src/stm32l4xx_hal_i2c_ex.o
                                      0xf510b (size before relaxing)
 .debug_str     0x00000000000fbc80      0x4d3 ./Drivers/STM32L4xx_HAL_Driver/Src/stm32l4xx_hal_pwr_ex.o
                                      0xf5145 (size before relaxing)
 .debug_str     0x00000000000fc153      0x33a ./Drivers/STM32L4xx_HAL_Driver/Src/stm32l4xx_hal_rcc.o
                                      0xf5230 (size before relaxing)
 .debug_str     0x00000000000fc48d      0x3bf ./Drivers/STM32L4xx_HAL_Driver/Src/stm32l4xx_hal_rcc_ex.o
                                      0xf53a9 (size before relaxing)
 .debug_str     0x00000000000fc84c      0x8b8 ./Drivers/STM32L4xx_HAL_Driver/Src/stm32l4xx_hal_uart.o
                                      0xf591a (size before relaxing)

.comment        0x0000000000000000       0x50
 .comment       0x0000000000000000       0x50 ./Core/Src/fonts.o
                                         0x51 (size before relaxing)
 .comment       0x0000000000000050       0x51 ./Core/Src/main.o
 .comment       0x0000000000000050       0x51 ./Core/Src/ssd1306.o
 .comment       0x0000000000000050       0x51 ./Core/Src/stm32l4xx_hal_msp.o
 .comment       0x0000000000000050       0x51 ./Core/Src/stm32l4xx_it.o
 .comment       0x0000000000000050       0x51 ./Core/Src/system_stm32l4xx.o
 .comment       0x0000000000000050       0x51 ./Drivers/STM32L4xx_HAL_Driver/Src/stm32l4xx_hal.o
 .comment       0x0000000000000050       0x51 ./Drivers/STM32L4xx_HAL_Driver/Src/stm32l4xx_hal_adc.o
 .comment       0x0000000000000050       0x51 ./Drivers/STM32L4xx_HAL_Driver/Src/stm32l4xx_hal_adc_ex.o
 .comment       0x0000000000000050       0x51 ./Drivers/STM32L4xx_HAL_Driver/Src/stm32l4xx_hal_cortex.o
 .comment       0x0000000000000050       0x51 ./Drivers/STM32L4xx_HAL_Driver/Src/stm32l4xx_hal_gpio.o
 .comment       0x0000000000000050       0x51 ./Drivers/STM32L4xx_HAL_Driver/Src/stm32l4xx_hal_i2c.o
 .comment       0x0000000000000050       0x51 ./Drivers/STM32L4xx_HAL_Driver/Src/stm32l4xx_hal_i2c_ex.o
 .comment       0x0000000000000050       0x51 ./Drivers/STM32L4xx_HAL_Driver/Src/stm32l4xx_hal_pwr_ex.o
 .comment       0x0000000000000050       0x51 ./Drivers/STM32L4xx_HAL_Driver/Src/stm32l4xx_hal_rcc.o
 .comment       0x0000000000000050       0x51 ./Drivers/STM32L4xx_HAL_Driver/Src/stm32l4xx_hal_rcc_ex.o
 .comment       0x0000000000000050       0x51 ./Drivers/STM32L4xx_HAL_Driver/Src/stm32l4xx_hal_uart.o

.debug_frame    0x0000000000000000     0x4604
 .debug_frame   0x0000000000000000       0x38 ./Core/Src/fonts.o
 .debug_frame   0x0000000000000038       0xf0 ./Core/Src/main.o
 .debug_frame   0x0000000000000128      0x414 ./Core/Src/ssd1306.o
 .debug_frame   0x000000000000053c      0x11c ./Core/Src/stm32l4xx_hal_msp.o
 .debug_frame   0x0000000000000658      0x10c ./Core/Src/stm32l4xx_it.o
 .debug_frame   0x0000000000000764       0x58 ./Core/Src/system_stm32l4xx.o
 .debug_frame   0x00000000000007bc      0x498 ./Drivers/STM32L4xx_HAL_Driver/Src/stm32l4xx_hal.o
 .debug_frame   0x0000000000000c54      0xa04 ./Drivers/STM32L4xx_HAL_Driver/Src/stm32l4xx_hal_adc.o
 .debug_frame   0x0000000000001658      0x7a4 ./Drivers/STM32L4xx_HAL_Driver/Src/stm32l4xx_hal_adc_ex.o
 .debug_frame   0x0000000000001dfc      0x498 ./Drivers/STM32L4xx_HAL_Driver/Src/stm32l4xx_hal_cortex.o
 .debug_frame   0x0000000000002294      0x14c ./Drivers/STM32L4xx_HAL_Driver/Src/stm32l4xx_hal_gpio.o
 .debug_frame   0x00000000000023e0      0xbe8 ./Drivers/STM32L4xx_HAL_Driver/Src/stm32l4xx_hal_i2c.o
 .debug_frame   0x0000000000002fc8      0x100 ./Drivers/STM32L4xx_HAL_Driver/Src/stm32l4xx_hal_i2c_ex.o
 .debug_frame   0x00000000000030c8      0x584 ./Drivers/STM32L4xx_HAL_Driver/Src/stm32l4xx_hal_pwr_ex.o
 .debug_frame   0x000000000000364c      0x21c ./Drivers/STM32L4xx_HAL_Driver/Src/stm32l4xx_hal_rcc.o
 .debug_frame   0x0000000000003868      0x2fc ./Drivers/STM32L4xx_HAL_Driver/Src/stm32l4xx_hal_rcc_ex.o
 .debug_frame   0x0000000000003b64      0x9f4 ./Drivers/STM32L4xx_HAL_Driver/Src/stm32l4xx_hal_uart.o
 .debug_frame   0x0000000000004558       0x2c c:/st/stm32cubeide_1.9.0/stm32cubeide/plugins/com.st.stm32cube.ide.mcu.externaltools.gnu-tools-for-stm32.10.3-2021.10.win32_1.0.0.202111181127/tools/bin/../lib/gcc/arm-none-eabi/10.3.1/../../../../arm-none-eabi/lib/thumb/v7e-m+fp/hard\libc_nano.a(lib_a-init.o)
 .debug_frame   0x0000000000004584       0x20 c:/st/stm32cubeide_1.9.0/stm32cubeide/plugins/com.st.stm32cube.ide.mcu.externaltools.gnu-tools-for-stm32.10.3-2021.10.win32_1.0.0.202111181127/tools/bin/../lib/gcc/arm-none-eabi/10.3.1/../../../../arm-none-eabi/lib/thumb/v7e-m+fp/hard\libc_nano.a(lib_a-memset.o)
 .debug_frame   0x00000000000045a4       0x2c c:/st/stm32cubeide_1.9.0/stm32cubeide/plugins/com.st.stm32cube.ide.mcu.externaltools.gnu-tools-for-stm32.10.3-2021.10.win32_1.0.0.202111181127/tools/bin/../lib/gcc/arm-none-eabi/10.3.1/thumb/v7e-m+fp/hard\libgcc.a(_aeabi_uldivmod.o)
 .debug_frame   0x00000000000045d0       0x34 c:/st/stm32cubeide_1.9.0/stm32cubeide/plugins/com.st.stm32cube.ide.mcu.externaltools.gnu-tools-for-stm32.10.3-2021.10.win32_1.0.0.202111181127/tools/bin/../lib/gcc/arm-none-eabi/10.3.1/thumb/v7e-m+fp/hard\libgcc.a(_udivmoddi4.o)
